// Jest Snapshot v1, https://goo.gl/fbAQLP

exports[`PlanetCard should match snapshot 1`] = `
ShallowWrapper {
  "length": 1,
  Symbol(enzyme.__root__): [Circular],
  Symbol(enzyme.__unrendered__): <PlanetCard
    climate="temperate"
    favorite={false}
    name="Alderaan"
    population="2000000000"
    residents={
        Array [
            undefined,
            undefined,
            undefined,
          ]
    }
    terrain="grasslands, mountains"
    updateFavorites={[Function]}
/>,
  Symbol(enzyme.__renderer__): Object {
    "batchedUpdates": [Function],
    "getNode": [Function],
    "render": [Function],
    "simulateEvent": [Function],
    "unmount": [Function],
  },
  Symbol(enzyme.__node__): Object {
    "instance": null,
    "key": undefined,
    "nodeType": "host",
    "props": Object {
      "children": Array [
        <h2>
          Alderaan
</h2>,
        <p>
          temperate
</p>,
        <p>
          2000000000
</p>,
        <p>
          
</p>,
        <p>
          grasslands, mountains
</p>,
        <span
          className="card__favorite"
          onClick={[Function]}
>
          <Button
                    name="⭐"
          />
</span>,
      ],
    },
    "ref": null,
    "rendered": Array [
      Object {
        "instance": null,
        "key": undefined,
        "nodeType": "host",
        "props": Object {
          "children": "Alderaan",
        },
        "ref": null,
        "rendered": "Alderaan",
        "type": "h2",
      },
      Object {
        "instance": null,
        "key": undefined,
        "nodeType": "host",
        "props": Object {
          "children": "temperate",
        },
        "ref": null,
        "rendered": "temperate",
        "type": "p",
      },
      Object {
        "instance": null,
        "key": undefined,
        "nodeType": "host",
        "props": Object {
          "children": "2000000000",
        },
        "ref": null,
        "rendered": "2000000000",
        "type": "p",
      },
      Object {
        "instance": null,
        "key": undefined,
        "nodeType": "host",
        "props": Object {
          "children": Array [
            undefined,
            undefined,
            undefined,
          ],
        },
        "ref": null,
        "rendered": Array [
          undefined,
          undefined,
          undefined,
        ],
        "type": "p",
      },
      Object {
        "instance": null,
        "key": undefined,
        "nodeType": "host",
        "props": Object {
          "children": "grasslands, mountains",
        },
        "ref": null,
        "rendered": "grasslands, mountains",
        "type": "p",
      },
      Object {
        "instance": null,
        "key": undefined,
        "nodeType": "host",
        "props": Object {
          "children": <Button
            name="⭐"
/>,
          "className": "card__favorite",
          "onClick": [Function],
        },
        "ref": null,
        "rendered": Object {
          "instance": null,
          "key": undefined,
          "nodeType": "function",
          "props": Object {
            "name": "⭐",
          },
          "ref": null,
          "rendered": null,
          "type": [Function],
        },
        "type": "span",
      },
    ],
    "type": "div",
  },
  Symbol(enzyme.__nodes__): Array [
    Object {
      "instance": null,
      "key": undefined,
      "nodeType": "host",
      "props": Object {
        "children": Array [
          <h2>
            Alderaan
</h2>,
          <p>
            temperate
</p>,
          <p>
            2000000000
</p>,
          <p>
            
</p>,
          <p>
            grasslands, mountains
</p>,
          <span
            className="card__favorite"
            onClick={[Function]}
>
            <Button
                        name="⭐"
            />
</span>,
        ],
      },
      "ref": null,
      "rendered": Array [
        Object {
          "instance": null,
          "key": undefined,
          "nodeType": "host",
          "props": Object {
            "children": "Alderaan",
          },
          "ref": null,
          "rendered": "Alderaan",
          "type": "h2",
        },
        Object {
          "instance": null,
          "key": undefined,
          "nodeType": "host",
          "props": Object {
            "children": "temperate",
          },
          "ref": null,
          "rendered": "temperate",
          "type": "p",
        },
        Object {
          "instance": null,
          "key": undefined,
          "nodeType": "host",
          "props": Object {
            "children": "2000000000",
          },
          "ref": null,
          "rendered": "2000000000",
          "type": "p",
        },
        Object {
          "instance": null,
          "key": undefined,
          "nodeType": "host",
          "props": Object {
            "children": Array [
              undefined,
              undefined,
              undefined,
            ],
          },
          "ref": null,
          "rendered": Array [
            undefined,
            undefined,
            undefined,
          ],
          "type": "p",
        },
        Object {
          "instance": null,
          "key": undefined,
          "nodeType": "host",
          "props": Object {
            "children": "grasslands, mountains",
          },
          "ref": null,
          "rendered": "grasslands, mountains",
          "type": "p",
        },
        Object {
          "instance": null,
          "key": undefined,
          "nodeType": "host",
          "props": Object {
            "children": <Button
              name="⭐"
/>,
            "className": "card__favorite",
            "onClick": [Function],
          },
          "ref": null,
          "rendered": Object {
            "instance": null,
            "key": undefined,
            "nodeType": "function",
            "props": Object {
              "name": "⭐",
            },
            "ref": null,
            "rendered": null,
            "type": [Function],
          },
          "type": "span",
        },
      ],
      "type": "div",
    },
  ],
  Symbol(enzyme.__options__): Object {
    "adapter": ReactSixteenAdapter {
      "options": Object {
        "enableComponentDidUpdateOnSetState": true,
      },
    },
    "disableLifecycleMethods": true,
  },
}
`;
